ERROR: https://www.google.com/maps/@26.7150111974191,86.9984911743735,13z
